I'm sorry, but errors were detected in your script. Please correct the
errors listed below, and try again.


File "game/options.rpy", line 32: EOL while scanning string literal
(Perhaps you left out a " at the end of the first line.)
    _p("a""
           ^
    

Ren'Py Version: Ren'Py 7.4.6.1693
Sun Jul 25 15:01:43 2021
